
> @dinkuskit/canonical-review-state@0.0.0 check
> npm run types && npm run typecheck && npm test


> @dinkuskit/canonical-review-state@0.0.0 types
> wrangler types --include-runtime false


 ⛅️ wrangler 4.145.0 (update available 4.148.0)
───────────────────────────────────────────────
Generating project types...

interface __BaseEnv_Env {
	ALLOWED_REPOSITORIES: "dinkuskit/blocks,dinkuskit/template-store,dinkuskit/template-services,dinkuskit/template-marketing,dinkuskit/inventory,dinkuskit/coupons,dinkuskit/bundles,dinkuskit/clawsweeper,dinkuskit/clawsweeper-state,dinkuskit/commerce,dinkuskit/payments,dinkuskit/ship,dinkuskit/dinkuskit";
	RECORDS: DurableObjectNamespace<import("./src/index").RecordTuple>;
}
declare namespace Cloudflare {
	interface GlobalProps {
		mainModule: typeof import("./src/index");
		durableNamespaces: "RecordTuple";
	}
	interface Env extends __BaseEnv_Env {}
}
interface Env extends __BaseEnv_Env {}
type StringifyValues<EnvType extends Record<string, unknown>> = {
	[Binding in keyof EnvType]: EnvType[Binding] extends string ? EnvType[Binding] : string;
};
declare namespace NodeJS {
	interface ProcessEnv extends StringifyValues<Pick<Cloudflare.Env, "ALLOWED_REPOSITORIES">> {}
}


✨ Types written to worker-configuration.d.ts

📣 Remember to rerun 'wrangler types' after you change your wrangler.jsonc file.


> @dinkuskit/canonical-review-state@0.0.0 typecheck
> tsc --noEmit


> @dinkuskit/canonical-review-state@0.0.0 test
> npm run build && node --test test/*.test.mjs


> @dinkuskit/canonical-review-state@0.0.0 build
> wrangler deploy --dry-run --outdir dist


 ⛅️ wrangler 4.145.0 (update available 4.148.0)
───────────────────────────────────────────────
Total Upload: 14.22 KiB / gzip: 4.38 KiB
Your Worker has access to the following bindings:
Binding                                                                    Resource
env.RECORDS (RecordTuple)                                                  Durable Object
env.ALLOWED_REPOSITORIES ("dinkuskit/blocks,dinkuskit/template-s...")      Environment Variable

--dry-run: exiting now.
✔ five enrolled repositories publish, read and retry independently (1578.498583ms)
✔ wrong signing key, changed signed payload, unconfigured service and foreign repo fail closed (73.829375ms)
✔ concurrent competing updates accept one writer and return current tuple to the loser (74.541416ms)
✔ invalid paths, duplicate sections, bad content and orphan sidecars never partially write (71.171542ms)
✔ open-to-closed move is atomic and deletion retains a tombstone (67.754084ms)
✔ chunked Unicode report and receipts survive runtime restart (166.200125ms)
✔ authenticated readiness and bounded payload rejection (109.318958ms)
✔ an exact delayed delivery cannot resurrect a deleted tuple (65.27475ms)
ℹ tests 8
ℹ suites 0
ℹ pass 8
ℹ fail 0
ℹ cancelled 0
ℹ skipped 0
ℹ todo 0
ℹ duration_ms 2421.842083
