
> @dinkuskit/canonical-review-state@0.0.0 test
> npm run build && node --test test/*.test.mjs


> @dinkuskit/canonical-review-state@0.0.0 build
> wrangler deploy --dry-run --outdir dist


 ⛅️ wrangler 4.145.0 (update available 4.148.0)
───────────────────────────────────────────────
Total Upload: 14.44 KiB / gzip: 4.44 KiB
Your Worker has access to the following bindings:
Binding                                                                    Resource
env.RECORDS (RecordTuple)                                                  Durable Object
env.ALLOWED_REPOSITORIES ("dinkuskit/blocks,dinkuskit/template-s...")      Environment Variable

--dry-run: exiting now.
✔ five enrolled repositories publish, read and retry independently (1574.996666ms)
✔ wrong signing key, changed signed payload, unconfigured service and foreign repo fail closed (74.298167ms)
✔ concurrent competing updates accept one writer and return current tuple to the loser (75.728542ms)
✔ invalid paths, duplicate sections, bad content and orphan sidecars never partially write (73.090167ms)
✔ open-to-closed move is atomic and deletion retains a tombstone (79.423875ms)
✔ chunked Unicode report and receipts survive runtime restart (166.682959ms)
✔ authenticated readiness and bounded payload rejection (110.697333ms)
✖ an exact delayed delivery cannot resurrect a deleted tuple (65.467959ms)
ℹ tests 8
ℹ suites 0
ℹ pass 7
ℹ fail 1
ℹ cancelled 0
ℹ skipped 0
ℹ todo 0
ℹ duration_ms 2430.879458

✖ failing tests:

test at test/service.test.mjs:320:1
✖ an exact delayed delivery cannot resurrect a deleted tuple (65.467959ms)
  AssertionError [ERR_ASSERTION]: Expected values to be strictly equal:

  false !== true

      at TestContext.<anonymous> (file:///Users/bobbybones/Developer/worktrees/dinkus-canonical-receipts/service/test/service.test.mjs:339:12)
      at process.processTicksAndRejections (node:internal/process/task_queues:104:5)
      at async Test.run (node:internal/test_runner/test:1409:7)
      at async Test.processPendingSubtests (node:internal/test_runner/test:974:7) {
    generatedMessage: true,
    code: 'ERR_ASSERTION',
    actual: false,
    expected: true,
    operator: 'strictEqual',
    diff: 'simple'
  }
